// Jest Snapshot v1, https://goo.gl/fbAQLP

exports[`should render single ExpenseListItem correctly 1`] = `
<div>
  <[object Object]
    to="/edit/undefined"
  >
    <h3>
      Description: 
    </h3>
  </[object Object]>
  <p>
    Amount: 
    $0.00
    <br />
    Created at: 
    December 31st, 1969
  </p>
</div>
`;
